# 2026-09-25T19:33:28Z
# cwd=/Users/rogerwu/nalu
# paid=False
# argv=/Users/rogerwu/nalu/.qingshan-venv/bin/python /Users/rogerwu/nalu/tools/continuity_state_contract_gate.py --contract /Users/rogerwu/nalu/workflow/claude_writer_agent/scripts/E08_GENERATION_CONTRACT_v1.json --out /Users/rogerwu/nalu/lines/nalu/runtime/pipeline_logs/E08/20260925T193328.674081Z_8374_bdecac15_continuity_state_contract_gate.json
# exit=0
--- stdout ---
{
  "schema": "qingshan.continuity_state_contract_gate.v1",
  "status": "PASS",
  "failures": [],
  "warnings": [],
  "unverified": [
    "perceived_life_state / visible_group_count / creature_locomotion on generated video: NOT_IMPLEMENTED (post-generation review questions)"
  ],
  "measurements": {
    "episode": "E08",
    "shot_count": 44,
    "life_state": {
      "cast_rows_declared": 65,
      "cast_rows_undeclared": 0,
      "final_life_state": {
        "CHAR-QINMING": "alive",
        "CHAR-BOY-THIN": "alive",
        "CHAR-LIANGWANQING": "alive",
        "CHAR-LUZE": "alive",
        "CHAR-LUWENRUI": "alive",
        "CHAR-LUWENHUI": "alive",
        "CHAR-GIRL-PATCHED": "alive",
        "CHAR-YANGYONGQING": "alive",
        "CHAR-LIULAOTOU": "alive"
      },
      "final_group_counts": {}
    },
    "creature_card": {
      "creatures": [
        {
          "entity_id": "PROP-BLADE-HORN-STAG",
          "kind_inferred": false,
          "locomotion": "quadruped",
          "appearances": [
            "E08-S05-02",
            "E08-S05-03"
          ]
        },
        {
          "entity_id": "PROP-DONKEY-HEAD-WOLF",
          "kind_inferred": false,
          "locomotion": "biped",
          "appearances": [
            "E08-S05-03"
          ]
        }
      ]
    },
    "ambush_space": {
      "trigger_shots": [],
      "ambush_contracts": []
    },
    "costume_inheritance": {
      "int_ext_transitions": [
        {
          "scene_id": "E08-S14",
          "from": "EXT",
          "to": "INT",
          "costume_mentioned": false
        }
      ]
    }
  }
}

--- stderr ---

